// Jest Snapshot v1, https://goo.gl/fbAQLP

exports[`<Box /> component should render correctly 1`] = `
<div
  className="box"
>
  text
</div>
`;
