// Jest Snapshot v1, https://goo.gl/fbAQLP

exports[`<Label /> component should render correctly 1`] = `
<label
  className="label"
>
  cool label
</label>
`;
